*****************************************************************
      SolidWorks Corporation - IGES Processor Status Report
*****************************************************************
=================================================================
Informazioni generali
=================================================================
Invio I.D. del prodotto di sistema : NEMA-17
Ricezione dell'I.D. del prodotto di sistema: NEMA-17
Nome file                    : nema-17.igs
Invio del sistema               : Creo Parametric by Parametric Technology Corporation
Versione preprocessore         : 2012130
Data creazione file           : 20180601.131210
Data creazione modello          : 20180601.131210
Unità                        : MM
Scala spazio del modello            : 1
Autore                       : BHUPENDRA
Organizzazione                 : Unknown


=================================================================
Informazioni entità in elaborazione
=================================================================


=================================================================
Analisi di precisione del file IGES:
=================================================================
  Numero prevalente di unità significative:              13
  Numero più alto di unità significative:                     13
  Numero media di unità significative:                6.48488
  Distanza massima dall'origine:                          155.519
  Distanza minima dall'origine:                                0
  Numero effettivo di unità significative:                   13


=================================================================
Sintesi entità
=================================================================
-----------------------------------------------------------------
Immetti nome                                         Conteggio convertito
---- ----                                         ----- ---------
100  Arc                                            216       216
102  Composite curve                                446       446
110  Line                                          1572      1572
120  Surface of revolution                           73        73
124  Transformation matrix                          216       216
126  Rational B-spline curve                        129       129
128  Rational B-spline surface                      130       130
142  Curve on a parametric surface                  223       223
144  Trimmed parametric surface                     203       203
314  Color definition                                11        11
_________________________________________________________________


=================================================================
Sintesi dei risultati
=================================================================
Tipo di funzione SolidWorks                Conteggio
-----------------------                -----
Funzioni solide                       1
Funzioni di superficie                     0
Funzioni di curva/schizzo                0
--------------------------------------------
Inizio: martedì, luglio 17, 2018 12:44:08
Fine: martedì, luglio 17, 2018 12:44:11
Tempo di elaborazione: 0 days, 00 hours, 00 mins, 03 secs
